[INFO] [1790944341.279436331] [ground_station]: ground station up (passive) -> /home/sam/maps/swarm_20261002_180220/ground_hazards.csv
[INFO] [1790944349.502504470] [ground_station]: drone 0: ENGAGING
[INFO] [1790944349.503627946] [ground_station]: drone 2: ENGAGING
[INFO] [1790944350.702738908] [ground_station]: drone 0: SURVEY
[INFO] [1790944350.703913716] [ground_station]: drone 2: SURVEY
[INFO] [1790944351.004997910] [ground_station]: drone 1: SURVEY
[INFO] [1790944351.266992269] [ground_station]: swarm status
drone state      band/lane lanes  N      E      alt   batt  age
  0   SURVEY      -1/-1   0/8     0.0    0.0   0.0   100%  0.3s
  1   SURVEY      -1/-1   0/8     0.0   30.0   0.0   100%  0.3s
  2   SURVEY      -1/-1   0/8    -0.0   60.0   0.1   100%  0.3s
[INFO] [1790944356.267426709] [ground_station]: swarm status
drone state      band/lane lanes  N      E      alt   batt  age
  0   SURVEY      -1/-1   0/8    -0.0   -0.0   5.1    93%  0.2s
  1   SURVEY      -1/-1   0/8     0.0   30.0   5.1    93%  0.2s
  2   SURVEY      -1/-1   0/8     0.0   60.0   5.1    93%  0.2s
[INFO] [1790944361.267450673] [ground_station]: swarm status
drone state      band/lane lanes  N      E      alt   batt  age
  0   SURVEY       0/0    0/8    -2.9    1.9   9.9    85%  0.1s
  1   SURVEY       1/0    0/8    -2.9   31.8   9.9    84%  0.1s
  2   SURVEY       2/0    0/8    -2.9   61.9   9.9    85%  0.1s
[INFO] [1790944362.808852451] [ground_station]: hazard d0-1 from drone 0: person 0.68 at N=6.4 E=7.4 [new] - map has 1
[INFO] [1790944363.203071032] [ground_station]: hazard d2-1 from drone 2: person 0.71 at N=8.6 E=70.0 [new] - map has 2
[INFO] [1790944366.268132571] [ground_station]: swarm status
drone state      band/lane lanes  N      E      alt   batt  age
  0   SURVEY       0/0    0/8    14.1    1.9  10.0    76%  0.3s
  1   SURVEY       1/0    0/8    14.0   32.0  10.0    76%  0.3s
  2   SURVEY       2/0    0/8    13.8   61.9  10.0    76%  0.3s
[INFO] [1790944366.568862273] [ground_station]: hazard d1-1 from drone 1: person 0.89 at N=22.3 E=29.8 [new] - map has 3
[INFO] [1790944371.267932827] [ground_station]: swarm status
drone state      band/lane lanes  N      E      alt   batt  age
  0   SURVEY       0/0    0/8    33.0    1.9  10.0    68%  0.2s
  1   SURVEY       1/0    0/8    32.8   31.9  10.0    68%  0.2s
  2   SURVEY       2/0    0/8    32.7   61.9  10.0    68%  0.2s
[INFO] [1790944376.267573878] [ground_station]: swarm status
drone state      band/lane lanes  N      E      alt   batt  age
  0   SURVEY       0/1    1/8    27.1    5.8  10.1    60%  0.1s
  1   SURVEY       1/1    1/8    26.8   35.9  10.0    59%  0.1s
  2   SURVEY       2/1    1/8    27.6   65.8  10.1    60%  0.1s
[INFO] [1790944377.664367020] [ground_station]: hazard d1-2 from drone 1: person 0.85 at N=14.7 E=36.4 [new] - map has 4
[INFO] [1790944381.267479922] [ground_station]: swarm status
drone state      band/lane lanes  N      E      alt   batt  age
  0   SURVEY       0/1    1/8     8.8    5.8  10.0    51%  0.3s
  1   SURVEY       1/1    1/8     8.4   35.6  10.0    51%  0.3s
  2   SURVEY       2/1    1/8     9.6   65.8  10.0    51%  0.3s
[INFO] [1790944386.267662396] [ground_station]: swarm status
drone state      band/lane lanes  N      E      alt   batt  age
  0   SURVEY       0/2    2/8    -6.3    8.4   9.9    50%  0.2s
  1   SURVEY       1/2    2/8    -6.3   38.3   9.9    50%  0.2s
  2   SURVEY       2/2    2/8    -5.9   67.2   9.8    50%  0.2s
[INFO] [1790944389.536070697] [ground_station]: hazard d0-2 from drone 0: person 0.86 at N=11.0 E=9.7 [new] - map has 5
[INFO] [1790944390.670678335] [ground_station]: hazard d1-3 from drone 1: person 0.90 at N=15.3 E=38.2 [new] - map has 6
[INFO] [1790944391.059488927] [ground_station]: hazard d0-3 from drone 0: person 0.87 at N=16.2 E=12.0 [new] - map has 7
[INFO] [1790944391.267148056] [ground_station]: swarm status
drone state      band/lane lanes  N      E      alt   batt  age
  0   SURVEY       0/2    2/8    11.1    9.4  10.0    50%  0.1s
  1   SURVEY       1/2    2/8    11.1   39.4  10.0    50%  0.1s
  2   SURVEY       2/2    2/8     9.2   69.4  10.0    50%  0.1s
[INFO] [1790944396.267607005] [ground_station]: swarm status
drone state      band/lane lanes  N      E      alt   batt  age
  0   SURVEY       0/2    2/8    29.2    9.4  10.0    50%  0.3s
  1   SURVEY       1/2    2/8    29.2   39.3  10.0    50%  0.3s
  2   SURVEY       2/2    2/8    27.1   69.4  10.0    50%  0.3s
[INFO] [1790944401.267744202] [ground_station]: swarm status
drone state      band/lane lanes  N      E      alt   batt  age
  0   SURVEY       0/3    3/8    30.3   13.1  10.0    50%  0.2s
  1   SURVEY       1/3    3/8    30.6   43.0  10.1    50%  0.2s
  2   SURVEY       2/3    3/8    32.7   73.2  10.0    50%  0.2s
[INFO] [1790944401.828064780] [ground_station]: hazard d0-4 from drone 0: person 0.67 at N=21.1 E=13.9 [new] - map has 8
[INFO] [1790944404.339605421] [ground_station]: hazard d2-2 from drone 2: person 0.87 at N=14.5 E=75.0 [new] - map has 9
[INFO] [1790944406.267626672] [ground_station]: swarm status
drone state      band/lane lanes  N      E      alt   batt  age
  0   SURVEY       0/3    3/8    10.8   13.2  10.0    50%  0.1s
  1   SURVEY       1/3    3/8    11.4   43.2  10.0    50%  0.1s
  2   SURVEY       2/3    3/8    13.5   73.2  10.0    50%  0.1s
[INFO] [1790944411.268047813] [ground_station]: swarm status
drone state      band/lane lanes  N      E      alt   batt  age
  0   SURVEY       0/4    4/8    -6.1   13.3  10.0    50%  0.3s
  1   SURVEY       1/4    4/8    -5.7   43.1  10.0    50%  0.3s
  2   SURVEY       2/3    3/8    -4.2   73.1  10.0    50%  0.3s
[INFO] [1790944416.267863209] [ground_station]: swarm status
drone state      band/lane lanes  N      E      alt   batt  age
  0   SURVEY       0/4    4/8     7.7   17.0  10.0    50%  0.2s
  1   SURVEY       1/4    4/8     6.9   47.0  10.0    50%  0.2s
  2   SURVEY       2/4    4/8     4.5   76.9  10.0    50%  0.2s
[INFO] [1790944419.209161846] [ground_station]: hazard d0-5 from drone 0: person 0.80 at N=25.9 E=16.2 [new] - map has 10
[INFO] [1790944419.219117301] [ground_station]: hazard d2-3 from drone 2: person 0.86 at N=22.4 E=80.2 [new] - map has 11
[INFO] [1790944421.268132699] [ground_station]: swarm status
drone state      band/lane lanes  N      E      alt   batt  age
  0   SURVEY       0/4    4/8    27.0   16.9  10.0    50%  0.1s
  1   SURVEY       1/4    4/8    26.2   46.9  10.0    50%  0.1s
  2   SURVEY       2/4    4/8    23.7   76.8  10.0    50%  0.1s
[INFO] [1790944426.267930448] [ground_station]: swarm status
drone state      band/lane lanes  N      E      alt   batt  age
  0   SURVEY       0/5    5/8    33.9   20.5  10.0    50%  0.3s
  1   SURVEY       1/5    5/8    34.6   50.5  10.0    50%  0.3s
  2   SURVEY       2/5    5/8    36.1   80.3  10.0    50%  0.3s
[INFO] [1790944431.267329170] [ground_station]: swarm status
drone state      band/lane lanes  N      E      alt   batt  age
  0   SURVEY       0/5    5/8    14.7   20.8  10.0    50%  0.2s
  1   SURVEY       1/5    5/8    15.5   50.8  10.0    50%  0.2s
  2   SURVEY       2/5    5/8    17.9   80.7  10.0    50%  0.2s
[INFO] [1790944436.267140286] [ground_station]: swarm status
drone state      band/lane lanes  N      E      alt   batt  age
  0   SURVEY       0/5    5/8    -4.2   20.6  10.0    50%  0.1s
  1   SURVEY       1/5    5/8    -3.4   50.6  10.0    50%  0.1s
  2   SURVEY       2/5    5/8    -1.0   80.6  10.0    50%  0.1s
[INFO] [1790944441.267261632] [ground_station]: swarm status
drone state      band/lane lanes  N      E      alt   batt  age
  0   SURVEY       0/6    6/8     3.9   24.6  10.0    50%  0.3s
  1   SURVEY       1/6    6/8     2.8   54.6  10.0    50%  0.3s
  2   SURVEY       2/6    6/8     0.1   84.2  10.1    50%  0.3s
[INFO] [1790944446.267799985] [ground_station]: swarm status
drone state      band/lane lanes  N      E      alt   batt  age
  0   SURVEY       0/6    6/8    23.4   24.4  10.0    50%  0.2s
  1   SURVEY       1/6    6/8    22.2   54.4  10.0    50%  0.2s
  2   SURVEY       2/6    6/8    19.1   84.4  10.0    50%  0.2s
[INFO] [1790944451.267842079] [ground_station]: swarm status
drone state      band/lane lanes  N      E      alt   batt  age
  0   SURVEY       0/7    7/8    35.8   27.9  10.1    50%  0.1s
  1   SURVEY       1/7    7/8    35.9   57.4  10.0    50%  0.1s
  2   SURVEY       2/7    7/8    36.4   84.9  10.0    50%  0.1s
[INFO] [1790944456.268026157] [ground_station]: swarm status
drone state      band/lane lanes  N      E      alt   batt  age
  0   SURVEY       0/7    7/8    18.5   28.2  10.0    50%  0.3s
  1   SURVEY       1/7    7/8    19.8   58.2  10.0    50%  0.3s
  2   SURVEY       2/7    7/8    22.9   88.3  10.0    50%  0.3s
[INFO] [1790944461.267338275] [ground_station]: swarm status
drone state      band/lane lanes  N      E      alt   batt  age
  0   SURVEY       0/7    7/8    -0.7   28.1  10.0    50%  0.2s
  1   SURVEY       1/7    7/8     0.6   58.1  10.0    50%  0.2s
  2   SURVEY       2/7    7/8     3.7   88.1  10.0    50%  0.2s
[INFO] [1790944462.303479350] [ground_station]: drone 0: RETURNING
[INFO] [1790944462.903901080] [ground_station]: drone 1: RETURNING
[INFO] [1790944463.503844246] [ground_station]: drone 2: RETURNING
[INFO] [1790944466.267535116] [ground_station]: swarm status
drone state      band/lane lanes  N      E      alt   batt  age
  0   RETURNING   -1/-1   8/8    -5.3   28.1  19.0    50%  0.1s
  1   RETURNING   -1/-1   8/8    -5.5   58.0  17.8    50%  0.1s
  2   RETURNING   -1/-1   8/8    -5.3   88.1  15.5    50%  0.1s
[INFO] [1790944471.267527794] [ground_station]: swarm status
drone state      band/lane lanes  N      E      alt   batt  age
  0   RETURNING   -1/-1   8/8    -4.7   28.1  28.6    50%  0.3s
  1   RETURNING   -1/-1   8/8    -4.8   58.1  31.2    50%  0.3s
  2   RETURNING   -1/-1   8/8    -4.7   88.2  29.6    50%  0.3s
[INFO] [1790944476.267050026] [ground_station]: swarm status
drone state      band/lane lanes  N      E      alt   batt  age
  0   RETURNING   -1/-1   8/8    -2.6   15.4  29.9    50%  0.2s
  1   RETURNING   -1/-1   8/8    -4.1   55.1  34.8    50%  0.2s
  2   RETURNING   -1/-1   8/8    -4.7   88.1  39.0    50%  0.2s
[INFO] [1790944479.702595810] [ground_station]: drone 0: LANDED
[INFO] [1790944481.267172665] [ground_station]: swarm status
drone state      band/lane lanes  N      E      alt   batt  age
  0   LANDED      -1/-1   8/8    -0.2    0.7  25.1    50%  0.1s
  1   RETURNING   -1/-1   8/8    -0.6   33.3  33.1    50%  0.1s
  2   RETURNING   -1/-1   8/8    -2.3   72.9  40.0    50%  0.1s
[INFO] [1790944481.503480475] [ground_station]: drone 1: LANDED
[INFO] [1790944484.203446586] [ground_station]: drone 2: LANDED
[INFO] [1790944486.267420675] [ground_station]: swarm status
drone state      band/lane lanes  N      E      alt   batt  age
  0   LANDED      -1/-1   8/8    -0.1    0.6  24.7    50%  4.8s
  1   LANDED      -1/-1   8/8    -0.1   30.7  30.1    50%  3.0s
  2   LANDED      -1/-1   8/8    -0.1   60.6  34.8    50%  0.3s
