1790944340.7104430 [INFO] [launch]: All log files can be found below /home/sam/.ros/log/2026-10-02-18-02-20-709432-sam-OMEN-by-HP-Gaming-Laptop-16-wf1xxx-34383
1790944340.7105808 [INFO] [launch]: Default logging verbosity is set to INFO
1790944340.8309147 [INFO] [parameter_bridge-1]: process started with pid [34384]
1790944340.8311355 [INFO] [detector_node-2]: process started with pid [34386]
1790944340.8312201 [INFO] [parameter_bridge-3]: process started with pid [34388]
1790944340.8312857 [INFO] [detector_node-4]: process started with pid [34390]
1790944340.8313522 [INFO] [parameter_bridge-5]: process started with pid [34392]
1790944340.8314044 [INFO] [detector_node-6]: process started with pid [34394]
1790944340.8314621 [INFO] [ground_station-7]: process started with pid [34396]
1790944348.8637967 [INFO] [survey_node-8]: process started with pid [34711]
1790944348.8641875 [INFO] [survey_node-9]: process started with pid [34713]
1790944348.8645372 [INFO] [survey_node-10]: process started with pid [34715]
1790944481.6694188 [INFO] [survey_node-8]: process has finished cleanly [pid 34711]
1790944483.6700077 [INFO] [survey_node-9]: process has finished cleanly [pid 34713]
1790944486.2818143 [INFO] [survey_node-10]: process has finished cleanly [pid 34715]
1790944487.5407124 [WARNING] [launch]: user interrupted with ctrl-c (SIGINT)
1790944487.5454006 [INFO] [ground_station-7]: sending signal 'SIGINT' to process[ground_station-7]
1790944487.5463564 [INFO] [detector_node-6]: sending signal 'SIGINT' to process[detector_node-6]
1790944487.5473423 [INFO] [parameter_bridge-5]: sending signal 'SIGINT' to process[parameter_bridge-5]
1790944487.5487940 [INFO] [detector_node-4]: sending signal 'SIGINT' to process[detector_node-4]
1790944487.5497763 [INFO] [parameter_bridge-3]: sending signal 'SIGINT' to process[parameter_bridge-3]
1790944487.5515077 [INFO] [detector_node-2]: sending signal 'SIGINT' to process[detector_node-2]
1790944487.5531421 [INFO] [parameter_bridge-1]: sending signal 'SIGINT' to process[parameter_bridge-1]
1790944487.6567588 [INFO] [parameter_bridge-5]: process has finished cleanly [pid 34392]
1790944487.6624615 [INFO] [parameter_bridge-3]: process has finished cleanly [pid 34388]
1790944487.6634495 [INFO] [parameter_bridge-1]: process has finished cleanly [pid 34384]
1790944487.7069080 [INFO] [ground_station-7]: process has finished cleanly [pid 34396]
1790944488.7525606 [INFO] [detector_node-4]: process has finished cleanly [pid 34390]
1790944488.7956805 [INFO] [detector_node-2]: process has finished cleanly [pid 34386]
1790944488.8444812 [INFO] [detector_node-6]: process has finished cleanly [pid 34394]
